g++ : shopping.cpp: 
In function 'int 
display()':
At line:1 char:1
+ g++ shopping.cpp 
-o shopping_new.exe 
2> errors.txt
+ ~~~~~~~~~~~~~~~~~~~
~~~~~~~~~~~~~~~~~~~~~
~~~~~~~~~~
    + CategoryInfo   
           : NotSpe  
  cified: (shoppin   
 g.cpp: I...int d    
isplay()'::Strin    
g) [], RemoteExc    
eption
    + FullyQualified 
   ErrorId : Native  
  CommandError
 
shopping.cpp:188:9: 
warning: unknown 
escape sequence: '\P'
   
cout<<"ID\t\tProduct 
Name\t\t\Price\t\tQua
ntity\n";
         ^~~~~~~~~~~~
~~~~~~~~~~~~~~~~~~~~~
~~~~~~~~~~~
shopping.cpp: In 
function 'void 
administator()':
shopping.cpp:351:43: 
error: reference to 
'hash' is ambiguous
    cout << "Hash of 
" << x << " is = " 
<< hash(x,n );
                     
                     
 ^~~~
shopping.cpp:87:6: 
note: candidates 
are: int hash(int, 
int)
  int hash(int x, 
int mod)
      ^~~~
In file included 
from c:\mingw\lib\gcc
\mingw32\6.3.0\includ
e\c++\bits\basic_stri
ng.h:5628:0,
                 
from c:\mingw\lib\gcc
\mingw32\6.3.0\includ
e\c++\string:52,
                 
from c:\mingw\lib\gcc
\mingw32\6.3.0\includ
e\c++\bits\locale_cla
sses.h:40,
                 
from c:\mingw\lib\gcc
\mingw32\6.3.0\includ
e\c++\bits\ios_base.h
:41,
                 
from c:\mingw\lib\gcc
\mingw32\6.3.0\includ
e\c++\ios:42,
                 
from c:\mingw\lib\gcc
\mingw32\6.3.0\includ
e\c++\ostream:38,
                 
from c:\mingw\lib\gcc
\mingw32\6.3.0\includ
e\c++\iostream:39,
                 
from shopping.cpp:1:
c:\mingw\lib\gcc\ming
w32\6.3.0\include\c++
\bits\functional_hash
.h:58:12: note:      
           
template<class _Tp> 
struct std::hash
     struct hash;
            ^~~~
